12-03 14:57:03.074 1621-1621/? W/PackageParser: Unknown element under <application>: permission at /system/app/Gallery2/Gallery2.apk Binary XML file line #241\
12-03 14:57:03.170 1621-1621/? W/PackageManager: Non-privileged app; cap priority to 0; package: com.google.android.talk activity: com.google.android.apps.hangouts.phone.BabelHomeActivity origPrio: 999\
12-03 14:57:03.170 1621-1621/? W/PackageManager: Non-privileged app; cap priority to 0; package: com.google.android.talk activity: com.google.android.apps.hangouts.phone.HangoutUrlHandlerActivity origPrio: 999\
12-03 14:57:03.170 1621-1621/? W/PackageManager: Non-privileged app; cap priority to 0; package: com.google.android.talk activity: com.google.android.apps.hangouts.phone.HangoutUrlHandlerActivity origPrio: 999\
12-03 14:57:03.170 1621-1621/? W/PackageManager: Non-privileged app; cap priority to 0; package: com.google.android.talk activity: com.google.android.apps.hangouts.phone.ConversationUrlHandlerActivity origPrio: 999\
12-03 14:57:03.196 1621-1621/? W/PackageParser: Ignoring duplicate uses-permissions/uses-permissions-sdk-m: android.permission.WAKE_LOCK in package: com.google.android.apps.maps at: Binary XML file line #115\
12-03 14:57:03.304 1621-1621/? W/PackageParser: Problem in package /system/app/Photos/Photos.apk:\
12-03 14:57:03.304 1621-1621/? W/PackageParser: Unknown element under <activity>: category at /system/app/Photos/Photos.apk Binary XML file line #1170\
12-03 14:57:03.338 1621-1621/? W/PackageManager: Non-privileged app; cap priority to 0; package: com.google.android.play.games activity: com.google.android.gms.games.ui.restricted.matches.RestrictedParticipantListActivity origPrio: 10\
12-03 14:57:03.338 1621-1621/? W/PackageManager: Non-privileged app; cap priority to 0; package: com.google.android.play.games activity: com.google.android.gms.games.ui.client.achievements.ClientAchievementListActivity origPrio: 10\
12-03 14:57:03.338 1621-1621/? W/PackageManager: Non-privileged app; cap priority to 0; package: com.google.android.play.games activity: com.google.android.gms.games.ui.client.achievements.ClientAchievementListActivity origPrio: 10\
12-03 14:57:03.338 1621-1621/? W/PackageManager: Non-privileged app; cap priority to 0; package: com.google.android.play.games activity: com.google.android.gms.games.ui.restricted.achievements.RestrictedAchievementDescriptionActivity origPrio: 10\
12-03 14:57:03.338 1621-1621/? W/PackageManager: Non-privileged app; cap priority to 0; package: com.google.android.play.games activity: com.google.android.gms.games.ui.client.leaderboards.ClientLeaderboardListActivity origPrio: 10\
12-03 14:57:03.338 1621-1621/? W/PackageManager: Non-privileged app; cap priority to 0; package: com.google.android.play.games activity: com.google.android.gms.games.ui.client.leaderboards.ClientLeaderboardListActivity origPrio: 10\
12-03 14:57:03.338 1621-1621/? W/PackageManager: Non-privileged app; cap priority to 0; package: com.google.android.play.games activity: com.google.android.gms.games.ui.client.leaderboards.ClientLeaderboardScoreActivity origPrio: 10\
12-03 14:57:03.339 1621-1621/? W/PackageManager: Non-privileged app; cap priority to 0; package: com.google.android.play.games activity: com.google.android.gms.games.ui.client.leaderboards.ClientLeaderboardScoreActivity origPrio: 10\
12-03 14:57:03.339 1621-1621/? W/PackageManager: Non-privileged app; cap priority to 0; package: com.google.android.play.games activity: com.google.android.gms.games.ui.client.matches.SelectOpponentsActivity origPrio: 10\
12-03 14:57:03.339 1621-1621/? W/PackageManager: Non-privileged app; cap priority to 0; package: com.google.android.play.games activity: com.google.android.gms.games.ui.client.matches.SelectOpponentsActivity origPrio: 10\
12-03 14:57:03.339 1621-1621/? W/PackageManager: Non-privileged app; cap priority to 0; package: com.google.android.play.games activity: com.google.android.gms.games.ui.client.matches.SelectOpponentsActivity origPrio: 10\
12-03 14:57:03.339 1621-1621/? W/PackageManager: Non-privileged app; cap priority to 0; package: com.google.android.play.games activity: com.google.android.gms.games.ui.client.matches.SelectOpponentsActivity origPrio: 10\
12-03 14:57:03.339 1621-1621/? W/PackageManager: Non-privileged app; cap priority to 0; package: com.google.android.play.games activity: com.google.android.gms.games.ui.client.players.ClientPlayerSearchActivity origPrio: 10\
12-03 14:57:03.339 1621-1621/? W/PackageManager: Non-privileged app; cap priority to 0; package: com.google.android.play.games activity: com.google.android.gms.games.ui.client.players.ClientPlayerSearchActivity origPrio: 10\
12-03 14:57:03.339 1621-1621/? W/PackageManager: Non-privileged app; cap priority to 0; package: com.google.android.play.games activity: com.google.android.gms.games.ui.client.matches.RealTimeWaitingRoomActivity origPrio: 10\
12-03 14:57:03.339 1621-1621/? W/PackageManager: Non-privileged app; cap priority to 0; package: com.google.android.play.games activity: com.google.android.gms.games.ui.client.matches.RealTimeWaitingRoomActivity origPrio: 10\
12-03 14:57:03.339 1621-1621/? W/PackageManager: Non-privileged app; cap priority to 0; package: com.google.android.play.games activity: com.google.android.gms.games.ui.client.matches.ClientMultiplayerInboxActivity origPrio: 10\
12-03 14:57:03.339 1621-1621/? W/PackageManager: Non-privileged app; cap priority to 0; package: com.google.android.play.games activity: com.google.android.gms.games.ui.client.matches.ClientMultiplayerInboxActivity origPrio: 10\
12-03 14:57:03.339 1621-1621/? W/PackageManager: Non-privileged app; cap priority to 0; package: com.google.android.play.games activity: com.google.android.gms.games.ui.client.matches.ClientMultiplayerInboxActivity origPrio: 10\
12-03 14:57:03.339 1621-1621/? W/PackageManager: Non-privileged app; cap priority to 0; package: com.google.android.play.games activity: com.google.android.gms.games.ui.client.matches.ClientPublicInvitationActivity origPrio: 10\
12-03 14:57:03.339 1621-1621/? W/PackageManager: Non-privileged app; cap priority to 0; package: com.google.android.play.games activity: com.google.android.gms.games.ui.client.requests.SendRequestActivity origPrio: 10\
12-03 14:57:03.339 1621-1621/? W/PackageManager: Non-privileged app; cap priority to 0; package: com.google.android.play.games activity: com.google.android.gms.games.ui.client.requests.ClientRequestInboxActivity origPrio: 10\
12-03 14:57:03.339 1621-1621/? W/PackageManager: Non-privileged app; cap priority to 0; package: com.google.android.play.games activity: com.google.android.gms.games.ui.client.requests.ClientPublicRequestActivity origPrio: 10\
12-03 14:57:03.339 1621-1621/? W/PackageManager: Non-privileged app; cap priority to 0; package: com.google.android.play.games activity: com.google.android.gms.games.ui.client.main.ClientSettingsActivity origPrio: 10\
12-03 14:57:03.339 1621-1621/? W/PackageManager: Non-privileged app; cap priority to 0; package: com.google.android.play.games activity: com.google.android.gms.games.ui.client.main.ClientSettingsActivity origPrio: 10\
12-03 14:57:03.339 1621-1621/? W/PackageManager: Non-privileged app; cap priority to 0; package: com.google.android.play.games activity: com.google.android.gms.games.ui.client.snapshots.ClientSnapshotListActivity origPrio: 10\
12-03 14:57:03.339 1621-1621/? W/PackageManager: Non-privileged app; cap priority to 0; package: com.google.android.play.games activity: com.google.android.gms.games.ui.client.quests.ClientQuestListActivity origPrio: 10\
12-03 14:57:03.339 1621-1621/? W/PackageManager: Non-privileged app; cap priority to 0; package: com.google.android.play.games activity: com.google.android.gms.games.ui.client.quests.ClientQuestDetailActivity origPrio: 10\
12-03 14:57:03.339 1621-1621/? W/PackageManager: Non-privileged app; cap priority to 0; package: com.google.android.play.games activity: com.google.android.gms.games.ui.dialog.InterstitialVideoDialogLauncher origPrio: 10\
12-03 14:57:03.339 1621-1621/? W/PackageManager: Non-privileged app; cap priority to 0; package: com.google.android.play.games activity: com.google.android.gms.games.ui.dialog.InterstitialVideoDialogLauncher origPrio: 10\
12-03 14:57:03.340 1621-1621/? W/PackageManager: Non-privileged app; cap priority to 0; package: com.google.android.play.games activity: com.google.android.gms.games.ui.restricted.videos.RestrictedVideoCapturedActivity origPrio: 10\
12-03 14:57:03.340 1621-1621/? W/PackageManager: Non-privileged app; cap priority to 0; package: com.google.android.play.games activity: com.google.android.gms.games.testcompat.ParcelTestCompatActivity origPrio: 10\
12-03 14:57:03.340 1621-1621/? W/PackageManager: Non-privileged app; cap priority to 0; package: com.google.android.play.games activity: com.google.android.gms.games.testcompat.ParcelTestCompatActivity origPrio: 10\
12-03 14:57:03.340 1621-1621/? W/PackageManager: Non-privileged app; cap priority to 0; package: com.google.android.play.games activity: com.google.android.gms.games.ui.GamesSettingsActivity origPrio: 10\
12-03 14:57:03.340 1621-1621/? W/PackageManager: Non-privileged app; cap priority to 0; package: com.google.android.play.games activity: com.google.android.gms.games.ui.GamesSettingsDebugActivity origPrio: 10\
12-03 14:57:03.340 1621-1621/? W/PackageManager: Non-privileged app; cap priority to 0; package: com.google.android.play.games activity: com.google.android.gms.games.ui.signin.SignInActivity origPrio: 10\
12-03 14:57:03.372 1621-1621/? W/PackageParser: No actions in intent filter at /system/app/PrebuiltGmail/PrebuiltGmail.apk Binary XML file line #260\
12-03 14:57:03.378 1621-1621/? W/PackageManager: Permission com.google.android.gm.email.permission.READ_ATTACHMENT from package com.google.android.gm in an unknown group android.permission-group.MESSAGES\
12-03 14:57:03.378 1621-1621/? W/PackageManager: Permission com.google.android.gm.permission.READ_GMAIL from package com.google.android.gm in an unknown group android.permission-group.MESSAGES\
12-03 14:57:03.378 1621-1621/? W/PackageManager: Permission com.google.android.gm.permission.WRITE_GMAIL from package com.google.android.gm in an unknown group android.permission-group.MESSAGES\
12-03 14:57:03.378 1621-1621/? W/PackageManager: Permission com.google.android.gm.permission.AUTO_SEND from package com.google.android.gm in an unknown group android.permission-group.MESSAGES\
12-03 14:57:03.378 1621-1621/? W/PackageManager: Permission com.google.android.gm.permission.READ_CONTENT_PROVIDER from package com.google.android.gm in an unknown group android.permission-group.MESSAGES\
12-03 14:57:03.452 1621-1621/? W/PackageParser: No actions in intent filter at /data/app/ApiDemos/ApiDemos.apk Binary XML file line #3144\
12-03 14:57:03.453 1621-1621/? W/PackageParser: No actions in intent filter at /data/app/ApiDemos/ApiDemos.apk Binary XML file line #3150\
12-03 14:57:03.453 1621-1621/? W/PackageManager: Package com.example.android.apis desires unavailable shared library com.example.will.never.exist; ignoring!\
12-03 14:57:03.454 1621-1621/? E/PackageManager: Unable to get canonical file java.io.IOException: Cannot create /data/app/ApiDemos/lib\
12-03 14:57:03.459 1621-1621/? E/PackageManager: Unable to get canonical file java.io.IOException: Cannot create /data/app/GestureBuilder/lib\
12-03 14:57:03.462 1621-1621/? E/PackageManager: Unable to get canonical file java.io.IOException: Cannot create /data/app/SmokeTest/lib\
12-03 14:57:03.464 1621-1621/? E/PackageManager: Unable to get canonical file java.io.IOException: Cannot create /data/app/SmokeTestApp/lib\
12-03 14:57:03.503 1621-1621/? W/PackageManager: Protected action; cap priority to 0; package: com.android.cts.priv.ctsshim activity: com.android.cts.priv.ctsshim.InstallPriority origPrio: 100\
12-03 14:57:03.503 1621-1621/? W/PackageManager: Protected action; cap priority to 0; package: com.android.cts.priv.ctsshim activity: com.android.cts.priv.ctsshim.InstallPriority origPrio: 100\
12-03 14:57:03.503 1621-1621/? W/PackageManager: Protected action; cap priority to 0; package: com.android.cts.priv.ctsshim activity: com.android.cts.priv.ctsshim.InstallPriority origPrio: 100\
12-03 14:57:03.503 1621-1621/? W/PackageManager: Protected action; cap priority to 0; package: com.android.cts.priv.ctsshim activity: com.android.cts.priv.ctsshim.InstallPriority origPrio: 100\
12-03 14:57:03.503 1621-1621/? W/PackageManager: Protected action; cap priority to 0; package: com.google.android.packageinstaller activity: com.android.packageinstaller.PackageInstallerActivity origPrio: 1\
12-03 14:57:03.503 1621-1621/? W/PackageManager: Protected action; cap priority to 0; package: com.google.android.gms activity: com.google.android.gms.appinvite.AppInviteAcceptInvitationActivity origPrio: 900\
12-03 14:57:03.503 1621-1621/? W/PackageManager: Protected action; cap priority to 0; package: com.google.android.gms activity: com.google.android.gms.matchstick.ui.EntryActivity origPrio: 999\
12-03 14:57:03.503 1621-1621/? W/PackageManager: Protected action; cap priority to 0; package: com.google.android.gms activity: com.google.android.gms.tapandpay.tokenization.AddNewCardThroughBrowserActivity origPrio: 999\
12-03 14:57:03.503 1621-1621/? W/PackageManager: Protected action; cap priority to 0; package: com.google.android.gms activity: com.google.android.gms.walletp2p.feature.transfer.TransferMoneyActivity origPrio: 900\
12-03 14:57:03.503 1621-1621/? W/PackageManager: Package com.google.android.gms desires unavailable shared library com.google.android.ble; ignoring!\
12-03 14:57:03.503 1621-1621/? W/PackageManager: Package com.google.android.gms desires unavailable shared library com.google.android.wearable; ignoring!\
12-03 14:57:03.503 1621-1621/? W/PackageManager: Package com.google.android.videos desires unavailable shared library com.google.widevine.software.drm; ignoring!\
12-03 14:57:03.503 1621-1621/? W/PackageManager: Package com.example.android.apis desires unavailable shared library com.example.will.never.exist; ignoring!\
12-03 14:57:03.506 1621-1621/? W/PackageManager: Not granting permission android.permission.MANAGE_DOCUMENTS to package com.google.android.youtube (protectionLevel=2 flags=0x38583e45)\
12-03 14:57:03.506 1621-1621/? W/PackageManager: Unknown permission com.google.android.launcher.permission.CONTENT_REDIRECT in package com.google.android.googlequicksearchbox\
12-03 14:57:03.507 1621-1621/? W/PackageManager: Unknown permission com.google.android.voicesearch.SHORTCUTS_ACCESS in package com.google.android.googlequicksearchbox\
12-03 14:57:03.507 1621-1621/? W/PackageManager: Unknown permission com.google.android.voicesearch.ACCESS_SETTINGS in package com.google.android.googlequicksearchbox\
12-03 14:57:03.507 1621-1621/? W/PackageManager: Unknown permission com.android.browser.permission.PRELOAD in package com.google.android.googlequicksearchbox\
12-03 14:57:03.507 1621-1621/? W/PackageManager: Unknown permission com.google.android.ears.permission.WRITE in package com.google.android.googlequicksearchbox\
12-03 14:57:03.507 1621-1621/? W/PackageManager: Unknown permission com.google.android.apps.googlevoice.permission.AUTO_SEND in package com.google.android.googlequicksearchbox\
12-03 14:57:03.507 1621-1621/? W/PackageManager: Unknown permission com.android.chrome.PRERENDER_URL in package com.google.android.googlequicksearchbox\
12-03 14:57:03.507 1621-1621/? W/PackageManager: Not granting permission com.google.android.googleapps.permission.GOOGLE_AUTH to package com.android.providers.calendar (protectionLevel=2 flags=0x30083e45)\
12-03 14:57:03.507 1621-1621/? W/PackageManager: Not granting permission com.google.android.googleapps.permission.GOOGLE_AUTH.cl to package com.android.providers.calendar (protectionLevel=2 flags=0x30083e45)\
12-03 14:57:03.507 1621-1621/? W/PackageManager: Not granting permission android.permission.WRITE_EXTERNAL_STORAGE to package com.example.myfudancampus because it was previously installed without\
12-03 14:57:03.507 1621-1621/? W/PackageManager: Not granting permission android.permission.MOUNT_UNMOUNT_FILESYSTEMS to package com.example.myfudancampus (protectionLevel=18 flags=0x3848bf46)\
12-03 14:57:03.507 1621-1621/? W/PackageManager: Not granting permission android.permission.READ_EXTERNAL_STORAGE to package com.example.myfudancampus because it was previously installed without\
12-03 14:57:03.507 1621-1621/? W/PackageManager: Not granting permission android.permission.SEND_DOWNLOAD_COMPLETED_INTENTS to package com.android.vending (protectionLevel=2 flags=0x384abe45)\
12-03 14:57:03.507 1621-1621/? W/PackageManager: Not granting permission android.permission.BIND_WALLPAPER to package com.android.camera2 (protectionLevel=18 flags=0x3058bc45)\
12-03 14:57:03.507 1621-1621/? W/PackageManager: Unknown permission com.android.launcher.permission.READ_SETTINGS in package com.android.launcher3\
12-03 14:57:03.507 1621-1621/? W/PackageManager: Unknown permission com.android.launcher.permission.WRITE_SETTINGS in package com.android.launcher3\
12-03 14:57:03.507 1621-1621/? W/PackageManager: Unknown permission com.google.android.email.permission.ACCESS_PROVIDER in package com.google.android.gm\
12-03 14:57:03.507 1621-1621/? W/PackageManager: Unknown permission com.google.android.gm.exchange.BIND in package com.google.android.gm\
12-03 14:57:03.507 1621-1621/? W/PackageManager: Unknown permission com.android.email.partnerprovider.PARTNER_PROVIDER in package com.google.android.gm\
12-03 14:57:03.510 1621-1621/? W/PackageManager: Not granting permission android.permission.PEERS_MAC_ADDRESS to package com.google.android.setupwizard (protectionLevel=2 flags=0x38483e05)\
12-03 14:57:03.510 1621-1621/? W/PackageManager: Unknown permission android.permission.WRITE_SYNC_STATS in package com.google.android.apps.docs\
12-03 14:57:03.510 1621-1621/? W/PackageManager: Not granting permission android.permission.INTERACT_ACROSS_USERS to package com.google.android.syncadapters.contacts (protectionLevel=50 flags=0x38083e45)\
12-03 14:57:03.510 1621-1621/? W/PackageManager: Unknown permission com.google.android.syncadapters.contacts.permission.GAL_SEARCH in package com.google.android.syncadapters.contacts\
12-03 14:57:03.510 1621-1621/? W/PackageManager: Unknown permission com.chrome.permission.DEVICE_EXTRAS in package com.android.chrome\
12-03 14:57:03.510 1621-1621/? W/PackageManager: Unknown permission com.sec.enterprise.knox.MDM_CONTENT_PROVIDER in package com.android.chrome\
12-03 14:57:03.511 1621-1621/? W/PackageManager: Unknown permission com.google.android.permission.INSTALL_WEARABLE_PACKAGES in package com.google.android.packageinstaller\
12-03 14:57:03.511 1621-1621/? W/PackageManager: Unknown permission com.google.android.apps.enterprise.dmagent.permission.AutoSyncPermission in package com.google.android.gms\
12-03 14:57:03.511 1621-1621/? W/PackageManager: Unknown permission android.permission.CONNECTIVITY_USE_RESTRICTED_NETWORKS in package com.google.android.gms\
12-03 14:57:03.511 1621-1621/? W/PackageManager: Not granting permission android.permission.BIND_NOTIFICATION_LISTENER_SERVICE to package com.google.android.gms (protectionLevel=2 flags=0xb8483e45)\
12-03 14:57:03.511 1621-1621/? W/PackageManager: Unknown permission com.google.android.finsky.permission.INSTANT_APP_STATE in package com.google.android.gms\
12-03 14:57:03.511 1621-1621/? W/PackageManager: Unknown permission com.google.android.permission.ACCESSIBILITY_SCAN_SERVICE in package com.google.android.gms\
12-03 14:57:03.511 1621-1621/? W/PackageManager: Unknown permission android.permission.ACTIVITY_EMBEDDING in package com.google.android.gms\
12-03 14:57:03.511 1621-1621/? W/PackageManager: Unknown permission android.permission.PROVIDE_RESOLVER_RANKER_SERVICE in package com.google.android.gms\
12-03 14:57:03.511 1621-1621/? W/PackageManager: Unknown permission com.google.android.wearable.READ_SETTINGS in package com.google.android.gms\
12-03 14:57:03.511 1621-1621/? W/PackageManager: Unknown permission android.permission.MANAGE_SUBSCRIPTION_PLANS in package com.google.android.gms\
12-03 14:57:03.511 1621-1621/? W/PackageManager: Unknown permission com.android.launcher.permission.PRELOAD_WORKSPACE in package com.google.android.partnersetup\
12-03 14:57:03.511 1621-1621/? W/PackageManager: Not granting permission com.google.android.googleapps.permission.GOOGLE_AUTH to package com.google.android.videos (protectionLevel=2 flags=0x385bbe45)\
12-03 14:57:03.511 1621-1621/? W/PackageManager: Not granting permission android.permission.READ_CONTACTS to package com.example.android.apis because it was previously installed without\
12-03 14:57:03.511 1621-1621/? W/PackageManager: Not granting permission android.permission.WRITE_CONTACTS to package com.example.android.apis because it was previously installed without\
12-03 14:57:03.511 1621-1621/? W/PackageManager: Not granting permission android.permission.ACCESS_COARSE_LOCATION to package com.example.android.apis because it was previously installed without\
12-03 14:57:03.511 1621-1621/? W/PackageManager: Not granting permission android.permission.WRITE_EXTERNAL_STORAGE to package com.example.android.apis because it was previously installed without\
12-03 14:57:03.511 1621-1621/? W/PackageManager: Not granting permission android.permission.SEND_SMS to package com.example.android.apis because it was previously installed without\
12-03 14:57:03.511 1621-1621/? W/PackageManager: Not granting permission android.permission.RECEIVE_SMS to package com.example.android.apis because it was previously installed without\
12-03 14:57:03.511 1621-1621/? W/PackageManager: Not granting permission android.permission.RECEIVE_MMS to package com.example.android.apis because it was previously installed without\
12-03 14:57:03.511 1621-1621/? W/PackageManager: Not granting permission android.permission.READ_SMS to package com.example.android.apis because it was previously installed without\
12-03 14:57:03.511 1621-1621/? W/PackageManager: Not granting permission android.permission.READ_PHONE_STATE to package com.example.android.apis because it was previously installed without\
12-03 14:57:03.512 1621-1621/? W/PackageManager: Not granting permission android.permission.RECORD_AUDIO to package com.example.android.apis because it was previously installed without\
12-03 14:57:03.512 1621-1621/? W/PackageManager: Not granting permission android.permission.CAMERA to package com.example.android.apis because it was previously installed without\
12-03 14:57:03.512 1621-1621/? W/PackageManager: Not granting permission android.permission.READ_EXTERNAL_STORAGE to package com.example.android.apis because it was previously installed without\
12-03 14:57:03.512 1621-1621/? W/PackageManager: Unknown permission android.permission.RUN_INSTRUMENTATION in package org.chromium.webview_shell\
12-03 14:57:03.512 1621-1621/? W/PackageManager: Unknown permission com.google.android.gallery3d.permission.PICASA_STORE in package com.google.android.apps.photos\
12-03 14:57:03.512 1621-1621/? W/PackageManager: Not granting permission android.permission.WRITE_MEDIA_STORAGE to package com.google.android.apps.photos (protectionLevel=18 flags=0x3858be45)\
12-03 14:57:03.512 1621-1621/? W/PackageManager: Unknown permission com.google.android.gm.exchange.BIND in package com.google.android.calendar\
12-03 14:57:03.512 1621-1621/? W/PackageManager: Not granting permission android.permission.CONTROL_KEYGUARD to package com.google.android.gsf.login (protectionLevel=2 flags=0x3048be45)\
12-03 14:57:03.512 1621-1621/? W/PackageManager: Unknown permission com.android.vending.billing.IBillingAccountService.BIND2 in package com.google.android.gsf.login\
12-03 14:57:03.512 1621-1621/? W/PackageManager: Unknown permission com.android.launcher.permission.READ_SETTINGS in package com.android.settings\
12-03 14:57:03.512 1621-1621/? W/PackageManager: Unknown permission com.android.launcher.permission.WRITE_SETTINGS in package com.android.settings\
12-03 14:57:03.512 1621-1621/? W/PackageManager: Not granting permission android.permission.REGISTER_CONNECTION_MANAGER to package com.google.android.talk (protectionLevel=18 flags=0x3049be45)\
12-03 14:57:03.512 1621-1621/? W/PackageManager: Unknown permission com.android.smspush.WAPPUSH_MANAGER_BIND in package com.android.phone\
12-03 14:57:03.512 1621-1621/? W/PackageManager: Not granting permission android.permission.BIND_APPWIDGET to package com.android.widgetpreview (protectionLevel=18 flags=0x3808be45)\
12-03 14:57:03.783 1621-1621/? W/System: ClassLoader referenced unknown path: /system/priv-app/SettingsProvider/lib/x86\
12-03 14:57:03.807 1621-1621/? E/VibratorService: Couldn't load vibrator module (No such file or directory)\
12-03 14:57:03.807 1621-1621/? W/VibratorService: Tried to stop vibrating but there is no vibrator device.\
12-03 14:57:03.809 1621-1621/? E/ConsumerIrService: Can't open consumer IR HW Module, error: -2\
12-03 14:57:03.810 1621-1621/? W/AlarmManagerService: no wall clock RTC found\
12-03 14:57:03.877 1621-1621/? W/VrManagerService: init_native: Could not open VR hardware module, error No such file or directory (-2).\
12-03 14:57:03.888 1621-1654/? W/EventHub: Unable to disable kernel key repeat for /dev/input/event0: Function not implemented\
12-03 14:57:03.889 1621-1654/? W/EventHub: Unable to disable kernel key repeat for /dev/input/event1: Function not implemented\
12-03 14:57:03.889 1621-1654/? E/EventHub: could not get driver version for /dev/input/mice, Not a typewriter\
12-03 14:57:03.892 1621-1621/? E/PinnerService: Starting PinnerService\
12-03 14:57:03.969 1621-1621/? W/PackageManager: No disk maintenance in 266842969; running immediately\
12-03 14:57:03.986 1621-1655/? W/MountService: No primary storage mounted!\
12-03 14:57:03.988 1621-1655/? W/PackageManager: Not granting permission android.permission.MANAGE_DOCUMENTS to package com.google.android.youtube (protectionLevel=2 flags=0x38d83e45)\
12-03 14:57:03.988 1621-1655/? W/PackageManager: Unknown permission com.google.android.launcher.permission.CONTENT_REDIRECT in package com.google.android.googlequicksearchbox\
12-03 14:57:03.988 1621-1655/? W/PackageManager: Unknown permission com.google.android.voicesearch.SHORTCUTS_ACCESS in package com.google.android.googlequicksearchbox\
12-03 14:57:03.988 1621-1655/? W/PackageManager: Unknown permission com.google.android.voicesearch.ACCESS_SETTINGS in package com.google.android.googlequicksearchbox\
12-03 14:57:03.988 1621-1655/? W/PackageManager: Unknown permission com.android.browser.permission.PRELOAD in package com.google.android.googlequicksearchbox\
12-03 14:57:03.988 1621-1655/? W/PackageManager: Unknown permission com.google.android.ears.permission.WRITE in package com.google.android.googlequicksearchbox\
12-03 14:57:03.988 1621-1655/? W/PackageManager: Unknown permission com.google.android.apps.googlevoice.permission.AUTO_SEND in package com.google.android.googlequicksearchbox\
12-03 14:57:03.988 1621-1655/? W/PackageManager: Unknown permission com.android.chrome.PRERENDER_URL in package com.google.android.googlequicksearchbox\
12-03 14:57:03.988 1621-1655/? W/PackageManager: Not granting permission com.google.android.googleapps.permission.GOOGLE_AUTH to package com.android.providers.calendar (protectionLevel=2 flags=0x30883e45)\
12-03 14:57:03.988 1621-1655/? W/PackageManager: Not granting permission com.google.android.googleapps.permission.GOOGLE_AUTH.cl to package com.android.providers.calendar (protectionLevel=2 flags=0x30883e45)\
12-03 14:57:03.988 1621-1655/? W/PackageManager: Not granting permission android.permission.WRITE_EXTERNAL_STORAGE to package com.example.myfudancampus because it was previously installed without\
12-03 14:57:03.988 1621-1655/? W/PackageManager: Not granting permission android.permission.MOUNT_UNMOUNT_FILESYSTEMS to package com.example.myfudancampus (protectionLevel=18 flags=0x38c8bf46)\
12-03 14:57:03.988 1621-1655/? W/PackageManager: Not granting permission android.permission.READ_EXTERNAL_STORAGE to package com.example.myfudancampus because it was previously installed without\
12-03 14:57:03.988 1621-1655/? W/PackageManager: Not granting permission android.permission.SEND_DOWNLOAD_COMPLETED_INTENTS to package com.android.vending (protectionLevel=2 flags=0x38cabe45)\
12-03 14:57:03.988 1621-1655/? W/PackageManager: Not granting permission android.permission.BIND_WALLPAPER to package com.android.camera2 (protectionLevel=18 flags=0x30d8bc45)\
12-03 14:57:03.988 1621-1655/? W/PackageManager: Unknown permission com.android.launcher.permission.READ_SETTINGS in package com.android.launcher3\
12-03 14:57:03.988 1621-1655/? W/PackageManager: Unknown permission com.android.launcher.permission.WRITE_SETTINGS in package com.android.launcher3\
12-03 14:57:03.988 1621-1655/? W/PackageManager: Unknown permission com.google.android.email.permission.ACCESS_PROVIDER in package com.google.android.gm\
12-03 14:57:03.988 1621-1655/? W/PackageManager: Unknown permission com.google.android.gm.exchange.BIND in package com.google.android.gm\
12-03 14:57:03.988 1621-1655/? W/PackageManager: Unknown permission com.android.email.partnerprovider.PARTNER_PROVIDER in package com.google.android.gm\
12-03 14:57:03.988 1621-1655/? W/PackageManager: Not granting permission android.permission.PEERS_MAC_ADDRESS to package com.google.android.setupwizard (protectionLevel=2 flags=0x38c83e05)\
12-03 14:57:03.988 1621-1655/? W/PackageManager: Unknown permission android.permission.WRITE_SYNC_STATS in package com.google.android.apps.docs\
12-03 14:57:03.988 1621-1655/? W/PackageManager: Not granting permission android.permission.INTERACT_ACROSS_USERS to package com.google.android.syncadapters.contacts (protectionLevel=50 flags=0x38883e45)\
12-03 14:57:03.988 1621-1655/? W/PackageManager: Unknown permission com.google.android.syncadapters.contacts.permission.GAL_SEARCH in package com.google.android.syncadapters.contacts\
12-03 14:57:03.988 1621-1655/? W/PackageManager: Unknown permission com.chrome.permission.DEVICE_EXTRAS in package com.android.chrome\
12-03 14:57:03.988 1621-1655/? W/PackageManager: Unknown permission com.sec.enterprise.knox.MDM_CONTENT_PROVIDER in package com.android.chrome\
12-03 14:57:03.988 1621-1655/? W/PackageManager: Unknown permission com.google.android.permission.INSTALL_WEARABLE_PACKAGES in package com.google.android.packageinstaller\
12-03 14:57:03.988 1621-1655/? W/PackageManager: Unknown permission com.google.android.apps.enterprise.dmagent.permission.AutoSyncPermission in package com.google.android.gms\
12-03 14:57:03.988 1621-1655/? W/PackageManager: Unknown permission android.permission.CONNECTIVITY_USE_RESTRICTED_NETWORKS in package com.google.android.gms\
12-03 14:57:03.989 1621-1655/? W/PackageManager: Not granting permission android.permission.BIND_NOTIFICATION_LISTENER_SERVICE to package com.google.android.gms (protectionLevel=2 flags=0xb8c83e45)\
12-03 14:57:03.989 1621-1655/? W/PackageManager: Unknown permission com.google.android.finsky.permission.INSTANT_APP_STATE in package com.google.android.gms\
12-03 14:57:03.989 1621-1655/? W/PackageManager: Unknown permission com.google.android.permission.ACCESSIBILITY_SCAN_SERVICE in package com.google.android.gms\
12-03 14:57:03.989 1621-1655/? W/PackageManager: Unknown permission android.permission.ACTIVITY_EMBEDDING in package com.google.android.gms\
12-03 14:57:03.989 1621-1655/? W/PackageManager: Unknown permission android.permission.PROVIDE_RESOLVER_RANKER_SERVICE in package com.google.android.gms\
12-03 14:57:03.989 1621-1655/? W/PackageManager: Unknown permission com.google.android.wearable.READ_SETTINGS in package com.google.android.gms\
12-03 14:57:03.989 1621-1655/? W/PackageManager: Unknown permission android.permission.MANAGE_SUBSCRIPTION_PLANS in package com.google.android.gms\
12-03 14:57:03.989 1621-1655/? W/PackageManager: Unknown permission com.android.launcher.permission.PRELOAD_WORKSPACE in package com.google.android.partnersetup\
12-03 14:57:03.989 1621-1655/? W/PackageManager: Not granting permission com.google.android.googleapps.permission.GOOGLE_AUTH to package com.google.android.videos (protectionLevel=2 flags=0x38dbbe45)\
12-03 14:57:03.989 1621-1655/? W/PackageManager: Not granting permission android.permission.READ_CONTACTS to package com.example.android.apis because it was previously installed without\
12-03 14:57:03.989 1621-1655/? W/PackageManager: Not granting permission android.permission.WRITE_CONTACTS to package com.example.android.apis because it was previously installed without\
12-03 14:57:03.989 1621-1655/? W/PackageManager: Not granting permission android.permission.ACCESS_COARSE_LOCATION to package com.example.android.apis because it was previously installed without\
12-03 14:57:03.989 1621-1655/? W/PackageManager: Not granting permission android.permission.WRITE_EXTERNAL_STORAGE to package com.example.android.apis because it was previously installed without\
12-03 14:57:03.989 1621-1655/? W/PackageManager: Not granting permission android.permission.SEND_SMS to package com.example.android.apis because it was previously installed without\
12-03 14:57:03.989 1621-1655/? W/PackageManager: Not granting permission android.permission.RECEIVE_SMS to package com.example.android.apis because it was previously installed without\
12-03 14:57:03.989 1621-1655/? W/PackageManager: Not granting permission android.permission.RECEIVE_MMS to package com.example.android.apis because it was previously installed without\
12-03 14:57:03.989 1621-1655/? W/PackageManager: Not granting permission android.permission.READ_SMS to package com.example.android.apis because it was previously installed without\
12-03 14:57:03.989 1621-1655/? W/PackageManager: Not granting permission android.permission.READ_PHONE_STATE to package com.example.android.apis because it was previously installed without\
12-03 14:57:03.989 1621-1655/? W/PackageManager: Not granting permission android.permission.RECORD_AUDIO to package com.example.android.apis because it was previously installed without\
12-03 14:57:03.989 1621-1655/? W/PackageManager: Not granting permission android.permission.CAMERA to package com.example.android.apis because it was previously installed without\
12-03 14:57:03.989 1621-1655/? W/PackageManager: Not granting permission android.permission.READ_EXTERNAL_STORAGE to package com.example.android.apis because it was previously installed without\
12-03 14:57:03.989 1621-1655/? W/PackageManager: Unknown permission android.permission.RUN_INSTRUMENTATION in package org.chromium.webview_shell\
12-03 14:57:03.989 1621-1655/? W/PackageManager: Unknown permission com.google.android.gallery3d.permission.PICASA_STORE in package com.google.android.apps.photos\
12-03 14:57:03.989 1621-1655/? W/PackageManager: Not granting permission android.permission.WRITE_MEDIA_STORAGE to package com.google.android.apps.photos (protectionLevel=18 flags=0x38d8be45)\
12-03 14:57:03.989 1621-1655/? W/PackageManager: Unknown permission com.google.android.gm.exchange.BIND in package com.google.android.calendar\
12-03 14:57:03.989 1621-1655/? W/PackageManager: Not granting permission android.permission.CONTROL_KEYGUARD to package com.google.android.gsf.login (protectionLevel=2 flags=0x30c8be45)\
12-03 14:57:03.989 1621-1655/? W/PackageManager: Unknown permission com.android.vending.billing.IBillingAccountService.BIND2 in package com.google.android.gsf.login\
12-03 14:57:03.989 1621-1655/? W/PackageManager: Unknown permission com.android.launcher.permission.READ_SETTINGS in package com.android.settings\
12-03 14:57:03.989 1621-1655/? W/PackageManager: Unknown permission com.android.launcher.permission.WRITE_SETTINGS in package com.android.settings\
12-03 14:57:03.989 1621-1655/? W/PackageManager: Not granting permission android.permission.REGISTER_CONNECTION_MANAGER to package com.google.android.talk (protectionLevel=18 flags=0x30c9be45)\
12-03 14:57:03.989 1621-1655/? W/PackageManager: Unknown permission com.android.smspush.WAPPUSH_MANAGER_BIND in package com.android.phone\
12-03 14:57:03.989 1621-1655/? W/PackageManager: Not granting permission android.permission.BIND_APPWIDGET to package com.android.widgetpreview (protectionLevel=18 flags=0x3888be45)\
12-03 14:57:04.059 1621-1655/? W/MountService: No primary storage defined yet; hacking together a stub\
12-03 14:57:04.061 1621-1655/? W/MountService: No primary storage defined yet; hacking together a stub\
12-03 14:57:04.065 1621-1655/? W/MountService: No primary storage mounted!\
12-03 14:57:04.076 1334-1372/? E/SurfaceFlinger: ro.sf.lcd_density must be defined as a build property\
12-03 14:57:04.093 1290-1659/? W/vold: Trim failed on /cache: Operation not supported on transport endpoint\
12-03 14:57:04.093 1290-1659/? W/vold: Trim failed on /data: Operation not supported on transport endpoint\
12-03 14:57:04.117 1621-1639/? E/VoldConnector: Error handling '662 /cache -1 -1': java.lang.NullPointerException: Attempt to invoke virtual method 'void android.os.DropBoxManager.addText(java.lang.String, java.lang.String)' on a null object reference\
12-03 14:57:04.122 1621-1639/? E/VoldConnector: Error handling '662 /data -1 -1': java.lang.NullPointerException: Attempt to invoke virtual method 'void android.os.DropBoxManager.addText(java.lang.String, java.lang.String)' on a null object reference\
12-03 14:57:04.236 1621-1621/? E/WifiLogger: no ring buffers found\
12-03 14:57:04.236 1621-1621/? E/WifiLogger: Failed to start packet fate monitoring\
12-03 14:57:04.253 1621-1658/? W/OpenGLRenderer: Failed to choose config with EGL_SWAP_BEHAVIOR_PRESERVED, retrying without...\
12-03 14:57:04.328 1621-1621/? E/BitmapFactory: Unable to decode stream: java.io.FileNotFoundException: /data/system/users/0/wallpaper_orig (No such file or directory)\
12-03 14:57:04.328 1621-1621/? E/WallpaperManagerService: Invalid wallpaper data\
12-03 14:57:04.328 1621-1621/? E/WallpaperManagerService: Unable to apply new wallpaper\
12-03 14:57:04.342 1621-1621/? W/TelecomManager: Telecom Service not found.\
12-03 14:57:04.347 1380-1403/? W/AudioFlinger: no wake lock to update, system not ready yet\
12-03 14:57:04.358 1621-1621/? W/DockObserver: This kernel does not have dock station support\
12-03 14:57:04.361 1621-1621/? W/WiredAccessoryManager: This kernel does not have usb audio support\
12-03 14:57:04.362 1621-1621/? W/WiredAccessoryManager: This kernel does not have HDMI audio support\
12-03 14:57:04.371 1621-1621/? E/UsbDeviceManager: failed to write to /sys/class/android_usb/android0/f_rndis/ethaddr\
12-03 14:57:04.375 1621-1621/? E/UsbDeviceManagerJNI: could not open /dev/usb_accessory\
12-03 14:57:04.382 1621-1621/? E/HardwarePropertiesManagerService-JNI: Couldn't load thermal module (No such file or directory)\
12-03 14:57:04.416 1621-1621/? E/ContextHubService: ** Could not load context_hub module : err No such file or directory\
12-03 14:57:04.416 1621-1621/? W/ContextHubService: No Context Hub Module present\
12-03 14:57:04.522 1392-1392/? E/fingerprintd: Wrong fp version. Expected 512, got 513\
12-03 14:57:04.523 1392-1392/? E/FingerprintHal: Could not load fingerprints from storage at /data/system/users/0/fpdata/emufp.bin; it has not yet been created.\
12-03 14:57:04.571 1621-1621/? W/VibratorService: Tried to stop vibrating but there is no vibrator device.\
12-03 14:57:04.625 1621-1621/? E/LockSettingsStorage: Cannot read file java.io.FileNotFoundException: /data/system/gatekeeper.password.key: open failed: ENOENT (No such file or directory)\
12-03 14:57:04.625 1621-1621/? E/LockSettingsStorage: Cannot read file java.io.FileNotFoundException: /data/system/password.key: open failed: ENOENT (No such file or directory)\
12-03 14:57:04.626 1621-1621/? E/LockSettingsStorage: Cannot read file java.io.FileNotFoundException: /data/system/gatekeeper.pattern.key: open failed: ENOENT (No such file or directory)\
12-03 14:57:04.626 1621-1621/? E/LockSettingsStorage: Cannot read file java.io.FileNotFoundException: /data/system/gatekeeper.gesture.key: open failed: ENOENT (No such file or directory)\
12-03 14:57:04.626 1621-1621/? E/LockSettingsStorage: Cannot read file java.io.FileNotFoundException: /data/system/gesture.key: open failed: ENOENT (No such file or directory)\
12-03 14:57:04.685 1621-1621/? W/SoundTriggerHelper: listModules status=0, # of modules=0\
12-03 14:57:04.693 1621-1643/? W/KeyguardServiceDelegate: onScreenTurningOn(): no keyguard service!\
12-03 14:57:04.719 1621-1621/? E/InputMethodManagerService: Ignoring updateSystemUiLocked due to an invalid token. uid:1000 token:null\
                                                            \
                                                            [ 12-03 14:57:04.736  1334: 1372 D/         ]\
                                                            HostConnection::get() New Host Connection established 0xaf49bd00, tid 1372\
12-03 14:57:04.777 1695-1695/? W/art: Unexpected CPU variant for X86 using defaults: x86\
12-03 14:57:04.787 1621-1621/? E/BitmapFactory: Unable to decode stream: java.io.FileNotFoundException: /data/system/users/0/wallpaper_orig (No such file or directory)\
12-03 14:57:04.787 1621-1621/? E/WallpaperManagerService: Invalid wallpaper data\
12-03 14:57:04.787 1621-1621/? E/WallpaperManagerService: Unable to apply new wallpaper\
12-03 14:57:04.810 1290-1324/? W/vold: disk:253,64 has unknown partition table; trying entire device\
12-03 14:57:04.811 1707-1707/? W/art: Unexpected CPU variant for X86 using defaults: x86\
12-03 14:57:04.814 1621-1680/? E/BluetoothAdapter: Bluetooth binder is null\
12-03 14:57:04.815 1621-1680/? E/BluetoothAdapter: Bluetooth binder is null\
12-03 14:57:04.869 1725-1725/? W/sdcard: Device explicitly disabled sdcardfs\
12-03 14:57:04.877 1726-1726/? W/art: Unexpected CPU variant for X86 using defaults: x86\
12-03 14:57:04.938 1707-1707/? W/System: ClassLoader referenced unknown path: /system/priv-app/SystemUI/lib/x86\
12-03 14:57:04.995 1621-1750/? E/WVMExtractor: Failed to open libwvm.so: dlopen failed: library "libwvm.so" not found\
12-03 14:57:05.042 1621-1621/? W/NetworkManagement: setDataSaverMode(): already false\
12-03 14:57:05.092 1764-1764/? W/sdcard: Device explicitly disabled sdcardfs\
12-03 14:57:05.146 1621-1621/? W/NetworkManagement: setDataSaverMode(): already false\
12-03 14:57:05.219 1695-1695/? W/InputAttributes: No editor info for this field. Bug?\
12-03 14:57:05.221 1621-1667/? E/WifiMonitor: killSupplicant p2pfalse init.svc.wpa_supplicant=unknown init.svc.p2p_supplicant=unknown\
12-03 14:57:05.242 1621-1667/? E/wifi: Can not initialize the vendor function pointer table\
12-03 14:57:05.242 1621-1667/? E/WifiNative-HAL: Could not start hal\
12-03 14:57:05.242 1621-1667/? E/WifiStateMachine: Failed to start HAL\
12-03 14:57:05.253 1695-1797/? E/ActivityThread: Failed to find provider info for user_dictionary\
12-03 14:57:05.265 1707-1803/? E/WVMExtractor: Failed to open libwvm.so: dlopen failed: library "libwvm.so" not found\
12-03 14:57:05.314 1621-1633/? W/GnssLocationProvider: Could not open GPS configuration file /etc/gps.conf\
12-03 14:57:05.314 1621-1633/? E/GnssLocationProvider: no AGPS interface in set_agps_server\
12-03 14:57:05.322 1621-1621/? W/LocationProviderProxy-network: Odd, no component found for service com.android.location.service.v3.NetworkLocationProvider\
12-03 14:57:05.325 1621-1621/? W/GeocoderProxy: Odd, no component found for service com.android.location.service.GeocodeProvider\
12-03 14:57:05.326 1621-1621/? E/FlpHardwareProvider: Error hw_get_module 'flp': -2\
12-03 14:57:05.327 1621-1621/? W/GeofenceProxy: Odd, no component found for service com.android.location.service.GeofenceProvider\
12-03 14:57:05.327 1621-1621/? E/ActivityRecognitionHardware: Error hw_get_module: -2\
12-03 14:57:05.328 1621-1621/? W/ActivityRecognitionProxy: Odd, no component found for service com.android.location.service.ActivityRecognitionProvider\
12-03 14:57:05.329 1621-1633/? E/GnssLocationProvider: no AGPS interface in set_agps_server\
12-03 14:57:05.362 1621-1621/? W/System: ClassLoader referenced unknown path: \
12-03 14:57:05.363 1621-1621/? W/System: ClassLoader referenced unknown path: /system/priv-app/Settings/lib/x86\
12-03 14:57:05.365 1823-1823/? W/art: Unexpected CPU variant for X86 using defaults: x86\
12-03 14:57:05.377 1836-1836/? W/art: Unexpected CPU variant for X86 using defaults: x86\
12-03 14:57:05.414 1823-1823/? W/System: ClassLoader referenced unknown path: /system/priv-app/TeleService/lib/x86\
12-03 14:57:05.417 1385-1385/? E/OMXNodeInstance: getExtensionIndex(569000f:google.mpeg4.decoder, OMX.google.android.index.configureVideoTunnelMode) ERROR: UnsupportedIndex(0x8000101a)\
12-03 14:57:05.419 1385-1779/? W/OMXNodeInstance: [569000f:google.mpeg4.decoder] component does not support metadata mode; using fallback\
12-03 14:57:05.439 1385-1395/? E/OMXNodeInstance: getExtensionIndex(5690010:google.h263.decoder, OMX.google.android.index.configureVideoTunnelMode) ERROR: UnsupportedIndex(0x8000101a)\
12-03 14:57:05.439 1385-1385/? W/OMXNodeInstance: [5690010:google.h263.decoder] component does not support metadata mode; using fallback\
12-03 14:57:05.451 1621-1633/? W/LocationProviderProxy-network: Odd, no component found for service com.android.location.service.v3.NetworkLocationProvider\
12-03 14:57:05.451 1621-1633/? W/GeocoderProxy: Odd, no component found for service com.android.location.service.GeocodeProvider\
12-03 14:57:05.451 1621-1633/? W/GeofenceProxy: Odd, no component found for service com.android.location.service.GeofenceProvider\
12-03 14:57:05.452 1621-1633/? W/ActivityRecognitionProxy: Odd, no component found for service com.android.location.service.ActivityRecognitionProvider\
12-03 14:57:05.452 1621-1621/? W/ContextImpl: Calling a method in the system process without a qualified user: android.app.ContextImpl.startService:1385 com.android.server.content.SyncManager$13.run:631 android.os.Handler.handleCallback:751 android.os.Handler.dispatchMessage:95 android.os.Looper.loop:154 \
12-03 14:57:05.462 1799-1799/? E/wpa_supplicant: global ctrl interface @android:wpa_wlan0 matches ctrl interface wlan0 - do not open per-interface ctrl interface\
12-03 14:57:05.463 1823-1823/? W/System: ClassLoader referenced unknown path: /system/priv-app/TelephonyProvider/lib/x86\
12-03 14:57:05.486 1836-1836/? W/System: ClassLoader referenced unknown path: /system/priv-app/Settings/lib/x86\
12-03 14:57:05.508 1388-1388/? W/ACodec: [OMX.google.h264.decoder] stopping checking profiles after 32: 2/8000\
12-03 14:57:05.509 1385-1395/? E/OMXNodeInstance: getExtensionIndex(5690011:google.h264.decoder, OMX.google.android.index.configureVideoTunnelMode) ERROR: UnsupportedIndex(0x8000101a)\
12-03 14:57:05.509 1385-1385/? W/OMXNodeInstance: [5690011:google.h264.decoder] component does not support metadata mode; using fallback\
12-03 14:57:05.513 1621-1667/? E/WifiNetworkHistory: readNetworkHistory: No config file, revert to default, java.io.FileNotFoundException: /data/misc/wifi/networkHistory.txt (No such file or directory)\
                                                     java.io.FileNotFoundException: /data/misc/wifi/networkHistory.txt (No such file or directory)\
                                                         at java.io.FileInputStream.open(Native Method)\
                                                         at java.io.FileInputStream.<init>(FileInputStream.java:146)\
                                                         at java.io.FileInputStream.<init>(FileInputStream.java:99)\
                                                         at com.android.server.wifi.WifiNetworkHistory.readNetworkHistory(WifiNetworkHistory.java:331)\
                                                         at com.android.server.wifi.WifiConfigManager.readNetworkHistory(WifiConfigManager.java:1828)\
                                                         at com.android.server.wifi.WifiConfigManager.loadConfiguredNetworks(WifiConfigManager.java:1658)\
                                                         at com.android.server.wifi.WifiConfigManager.loadAndEnableAllNetworks(WifiConfigManager.java:429)\
                                                         at com.android.server.wifi.WifiStateMachine$SupplicantStartingState.processMessage(WifiStateMachine.java:4365)\
                                                         at com.android.internal.util.StateMachine$SmHandler.processMsg(StateMachine.java:980)\
                                                         at com.android.internal.util.StateMachine$SmHandler.handleMessage(StateMachine.java:799)\
                                                         at android.os.Handler.dispatchMessage(Handler.java:102)\
                                                         at android.os.Looper.loop(Looper.java:154)\
                                                         at android.os.HandlerThread.run(HandlerThread.java:61)\
12-03 14:57:05.515 1621-1667/? E/IpConfigStore: Error parsing configuration: java.io.FileNotFoundException: /data/misc/wifi/ipconfig.txt (No such file or directory)\
12-03 14:57:05.525 1621-1621/? W/System: ClassLoader referenced unknown path: /system/priv-app/Telecom/lib/x86\
12-03 14:57:05.529 1621-1667/? E/WifiLogger: no ring buffers found\
12-03 14:57:05.529 1621-1667/? E/WifiLogger: Failed to start packet fate monitoring\
12-03 14:57:05.538 1621-1667/? W/AlarmManager: Unrecognized alarm listener com.android.server.wifi.WifiConnectivityManager$3@96b791d\
12-03 14:57:05.539 1621-1667/? E/WifiScanner: listener cannot be found\
12-03 14:57:05.539 1621-1637/? E/BatteryStatsService: no controller energy info supplied\
